{
"issues":  [
{
"id":  "S4023",
"message":  "Remove this interface or add members to it.",
"location":  {
"uri":  "akka.net\src\core\Akka.Cluster\ClusterDaemon.cs",
"region":  {
"startLine":  23,
"startColumn":  22,
"endLine":  23,
"endColumn":  37
}
}
},
{
"id":  "S4023",
"message":  "Remove this interface or add members to it.",
"location":  {
"uri":  "akka.net\src\core\Akka.Cluster\ClusterDaemon.cs",
"region":  {
"startLine":  299,
"startColumn":  28,
"endLine":  299,
"endColumn":  33
}
}
},
{
"id":  "S4023",
"message":  "Remove this interface or add members to it.",
"location":  {
"uri":  "akka.net\src\core\Akka.Cluster\ClusterDaemon.cs",
"region":  {
"startLine":  450,
"startColumn":  26,
"endLine":  450,
"endColumn":  46
}
}
},
{
"id":  "S4023",
"message":  "Remove this interface or add members to it.",
"location":  {
"uri":  "akka.net\src\core\Akka.Cluster\ClusterDaemon.cs",
"region":  {
"startLine":  520,
"startColumn":  19,
"endLine":  520,
"endColumn":  34
}
}
},
{
"id":  "S4023",
"message":  "Remove this interface or add members to it.",
"location":  {
"uri":  "akka.net\src\core\Akka.Cluster\ClusterEvent.cs",
"region":  {
"startLine":  53,
"startColumn":  26,
"endLine":  53,
"endColumn":  45
}
}
},
{
"id":  "S4023",
"message":  "Remove this interface or add members to it.",
"location":  {
"uri":  "akka.net\src\core\Akka.Cluster\ClusterEvent.cs",
"region":  {
"startLine":  370,
"startColumn":  26,
"endLine":  370,
"endColumn":  44
}
}
}
]
}
